info(circuit_recursion): reducing layer 0 with 8 entries
info(circuit_recursion): reduce layer 1 pair 0: build 405 ms, prove 5802 ms
info(circuit_recursion): reduce layer 1 pair 1: build 415 ms, prove 5890 ms
info(circuit_recursion): reduce layer 1 pair 2: build 423 ms, prove 6067 ms
info(circuit_recursion): reduce layer 1 pair 3: build 421 ms, prove 6284 ms
info(circuit_recursion): reducing layer 1 with 4 entries
info(circuit_recursion): reduce layer 2 pair 0: build 433 ms, prove 6081 ms
info(circuit_recursion): reduce layer 2 pair 1: build 426 ms, prove 6154 ms
info(circuit_recursion): reducing layer 2 with 2 entries
info(circuit_recursion): reduce layer 3 pair 0 (root): build 427 ms, prove 6349 ms
info: recursive tree: 8 leaves, 3 layers, 7 reductions
fold_canonical_build 1.500 s
fold_reduce_internal 6.208 s
  fold_build 0.405 s
  circuit_commit_preprocessed 0.000 s
  circuit_base_witness 0.360 s
  circuit_commit_base 0.921 s
    merkle_commit 0.355 s
  circuit_interaction_pow 0.001 s
  circuit_interaction_witness 1.221 s
  circuit_commit_interaction 1.077 s
    merkle_commit 0.304 s
  circuit_bind_components 0.000 s
  draw_random_coeff 0.000 s
  composition_trace_extract 0.000 s
  composition_evaluation 0.509 s
    cpu_composition_component 0.233 s
      cpu_native_air_part 0.000 s
    cpu_composition_component 0.004 s
      cpu_native_air_part 0.000 s
    cpu_composition_component 0.056 s
      cpu_native_air_part 0.000 s
    cpu_composition_component 0.013 s
      cpu_native_air_part 0.000 s
    cpu_composition_component 0.012 s
      cpu_native_air_part 0.000 s
    cpu_composition_component 0.000 s
      cpu_native_air_part 0.000 s
    cpu_composition_component 0.015 s
      cpu_native_air_part 0.000 s
    cpu_composition_component 0.000 s
      cpu_native_air_part 0.000 s
    cpu_composition_component 0.000 s
      cpu_native_air_part 0.000 s
    cpu_composition_component 0.001 s
      cpu_native_air_part 0.000 s
    cpu_composition_component 0.000 s
      cpu_native_air_part 0.000 s
  composition_interpolate_and_split 0.046 s
  composition_commit 0.168 s
  oods_point_and_mask_points 0.000 s
  sampled_value_evaluation 0.557 s
  sampled_value_channel_mix 0.000 s
  fri_quotient_build_and_commit 0.656 s
  proof_of_work 0.026 s
  fri_decommit 0.202 s
  trace_decommit 0.003 s
  constraint_check_and_assembly 0.000 s
fold_reduce_internal 6.306 s
  fold_build 0.415 s
  circuit_commit_preprocessed 0.000 s
  circuit_base_witness 0.339 s
  circuit_commit_base 0.915 s
    merkle_commit 0.353 s
  circuit_interaction_pow 0.000 s
  circuit_interaction_witness 1.212 s
  circuit_commit_interaction 1.093 s
    merkle_commit 0.319 s
  circuit_bind_components 0.000 s
  draw_random_coeff 0.000 s
  composition_trace_extract 0.000 s
  composition_evaluation 0.544 s
    cpu_composition_component 0.260 s
      cpu_native_air_part 0.000 s
    cpu_composition_component 0.004 s
      cpu_native_air_part 0.000 s
    cpu_composition_component 0.057 s
      cpu_native_air_part 0.000 s
    cpu_composition_component 0.013 s
      cpu_native_air_part 0.000 s
    cpu_composition_component 0.012 s
      cpu_native_air_part 0.000 s
    cpu_composition_component 0.000 s
      cpu_native_air_part 0.000 s
    cpu_composition_component 0.015 s
      cpu_native_air_part 0.000 s
    cpu_composition_component 0.000 s
      cpu_native_air_part 0.000 s
    cpu_composition_component 0.000 s
      cpu_native_air_part 0.000 s
    cpu_composition_component 0.001 s
      cpu_native_air_part 0.000 s
    cpu_composition_component 0.000 s
      cpu_native_air_part 0.000 s
  composition_interpolate_and_split 0.047 s
  composition_commit 0.176 s
  oods_point_and_mask_points 0.000 s
  sampled_value_evaluation 0.572 s
  sampled_value_channel_mix 0.000 s
  fri_quotient_build_and_commit 0.668 s
  proof_of_work 0.067 s
  fri_decommit 0.202 s
  trace_decommit 0.003 s
  constraint_check_and_assembly 0.000 s
fold_reduce_internal 6.491 s
  fold_build 0.423 s
  circuit_commit_preprocessed 0.000 s
  circuit_base_witness 0.342 s
  circuit_commit_base 0.930 s
    merkle_commit 0.363 s
  circuit_interaction_pow 0.000 s
  circuit_interaction_witness 1.254 s
  circuit_commit_interaction 1.086 s
    merkle_commit 0.314 s
  circuit_bind_components 0.000 s
  draw_random_coeff 0.000 s
  composition_trace_extract 0.000 s
  composition_evaluation 0.554 s
    cpu_composition_component 0.262 s
      cpu_native_air_part 0.000 s
    cpu_composition_component 0.004 s
      cpu_native_air_part 0.000 s
    cpu_composition_component 0.058 s
      cpu_native_air_part 0.000 s
    cpu_composition_component 0.013 s
      cpu_native_air_part 0.000 s
    cpu_composition_component 0.013 s
      cpu_native_air_part 0.000 s
    cpu_composition_component 0.000 s
      cpu_native_air_part 0.000 s
    cpu_composition_component 0.015 s
      cpu_native_air_part 0.000 s
    cpu_composition_component 0.000 s
      cpu_native_air_part 0.000 s
    cpu_composition_component 0.000 s
      cpu_native_air_part 0.000 s
    cpu_composition_component 0.001 s
      cpu_native_air_part 0.000 s
    cpu_composition_component 0.000 s
      cpu_native_air_part 0.000 s
  composition_interpolate_and_split 0.048 s
  composition_commit 0.174 s
  oods_point_and_mask_points 0.000 s
  sampled_value_evaluation 0.578 s
  sampled_value_channel_mix 0.000 s
  fri_quotient_build_and_commit 0.668 s
  proof_of_work 0.169 s
  fri_decommit 0.208 s
  trace_decommit 0.003 s
  constraint_check_and_assembly 0.000 s
fold_reduce_internal 6.706 s
  fold_build 0.422 s
  circuit_commit_preprocessed 0.000 s
  circuit_base_witness 0.347 s
  circuit_commit_base 0.960 s
    merkle_commit 0.377 s
  circuit_interaction_pow 0.008 s
  circuit_interaction_witness 1.256 s
  circuit_commit_interaction 1.105 s
    merkle_commit 0.322 s
  circuit_bind_components 0.000 s
  draw_random_coeff 0.000 s
  composition_trace_extract 0.000 s
  composition_evaluation 0.562 s
    cpu_composition_component 0.264 s
      cpu_native_air_part 0.000 s
    cpu_composition_component 0.004 s
      cpu_native_air_part 0.000 s
    cpu_composition_component 0.061 s
      cpu_native_air_part 0.000 s
    cpu_composition_component 0.014 s
      cpu_native_air_part 0.000 s
    cpu_composition_component 0.013 s
      cpu_native_air_part 0.000 s
    cpu_composition_component 0.000 s
      cpu_native_air_part 0.000 s
    cpu_composition_component 0.016 s
      cpu_native_air_part 0.000 s
    cpu_composition_component 0.000 s
      cpu_native_air_part 0.000 s
    cpu_composition_component 0.000 s
      cpu_native_air_part 0.000 s
    cpu_composition_component 0.001 s
      cpu_native_air_part 0.000 s
    cpu_composition_component 0.000 s
      cpu_native_air_part 0.000 s
  composition_interpolate_and_split 0.049 s
  composition_commit 0.175 s
  oods_point_and_mask_points 0.000 s
  sampled_value_evaluation 0.580 s
  sampled_value_channel_mix 0.000 s
  fri_quotient_build_and_commit 0.694 s
  proof_of_work 0.280 s
  fri_decommit 0.211 s
  trace_decommit 0.003 s
  constraint_check_and_assembly 0.000 s
fold_reduce_internal 6.515 s
  fold_build 0.434 s
  circuit_commit_preprocessed 0.000 s
  circuit_base_witness 0.342 s
  circuit_commit_base 0.955 s
    merkle_commit 0.370 s
  circuit_interaction_pow 0.001 s
  circuit_interaction_witness 1.287 s
  circuit_commit_interaction 1.113 s
    merkle_commit 0.324 s
  circuit_bind_components 0.000 s
  draw_random_coeff 0.000 s
  composition_trace_extract 0.000 s
  composition_evaluation 0.568 s
    cpu_composition_component 0.266 s
      cpu_native_air_part 0.000 s
    cpu_composition_component 0.004 s
      cpu_native_air_part 0.000 s
    cpu_composition_component 0.060 s
      cpu_native_air_part 0.000 s
    cpu_composition_component 0.013 s
      cpu_native_air_part 0.000 s
    cpu_composition_component 0.013 s
      cpu_native_air_part 0.000 s
    cpu_composition_component 0.000 s
      cpu_native_air_part 0.000 s
    cpu_composition_component 0.016 s
      cpu_native_air_part 0.000 s
    cpu_composition_component 0.000 s
      cpu_native_air_part 0.000 s
    cpu_composition_component 0.000 s
      cpu_native_air_part 0.000 s
    cpu_composition_component 0.001 s
      cpu_native_air_part 0.000 s
    cpu_composition_component 0.000 s
      cpu_native_air_part 0.000 s
  composition_interpolate_and_split 0.053 s
  composition_commit 0.179 s
  oods_point_and_mask_points 0.000 s
  sampled_value_evaluation 0.583 s
  sampled_value_channel_mix 0.000 s
  fri_quotient_build_and_commit 0.679 s
  proof_of_work 0.055 s
  fri_decommit 0.210 s
  trace_decommit 0.003 s
  constraint_check_and_assembly 0.000 s
fold_reduce_internal 6.581 s
  fold_build 0.427 s
  circuit_commit_preprocessed 0.000 s
  circuit_base_witness 0.344 s
  circuit_commit_base 0.963 s
    merkle_commit 0.369 s
  circuit_interaction_pow 0.001 s
  circuit_interaction_witness 1.291 s
  circuit_commit_interaction 1.128 s
    merkle_commit 0.326 s
  circuit_bind_components 0.000 s
  draw_random_coeff 0.000 s
  composition_trace_extract 0.000 s
  composition_evaluation 0.574 s
    cpu_composition_component 0.270 s
      cpu_native_air_part 0.000 s
    cpu_composition_component 0.004 s
      cpu_native_air_part 0.000 s
    cpu_composition_component 0.060 s
      cpu_native_air_part 0.000 s
    cpu_composition_component 0.014 s
      cpu_native_air_part 0.000 s
    cpu_composition_component 0.013 s
      cpu_native_air_part 0.000 s
    cpu_composition_component 0.000 s
      cpu_native_air_part 0.000 s
    cpu_composition_component 0.016 s
      cpu_native_air_part 0.000 s
    cpu_composition_component 0.000 s
      cpu_native_air_part 0.000 s
    cpu_composition_component 0.000 s
      cpu_native_air_part 0.000 s
    cpu_composition_component 0.001 s
      cpu_native_air_part 0.000 s
    cpu_composition_component 0.000 s
      cpu_native_air_part 0.000 s
  composition_interpolate_and_split 0.053 s
  composition_commit 0.178 s
  oods_point_and_mask_points 0.000 s
  sampled_value_evaluation 0.589 s
  sampled_value_channel_mix 0.000 s
  fri_quotient_build_and_commit 0.710 s
  proof_of_work 0.052 s
  fri_decommit 0.216 s
  trace_decommit 0.003 s
  constraint_check_and_assembly 0.000 s
fold_reduce_root 6.776 s
  fold_build 0.427 s
  circuit_commit_preprocessed 0.000 s
  circuit_base_witness 0.356 s
  circuit_commit_base 0.966 s
    merkle_commit 0.370 s
  circuit_interaction_pow 0.005 s
  circuit_interaction_witness 1.322 s
  circuit_commit_interaction 1.149 s
    merkle_commit 0.334 s
  circuit_bind_components 0.000 s
  draw_random_coeff 0.000 s
  composition_trace_extract 0.000 s
  composition_evaluation 0.596 s
    cpu_composition_component 0.279 s
      cpu_native_air_part 0.000 s
    cpu_composition_component 0.004 s
      cpu_native_air_part 0.000 s
    cpu_composition_component 0.063 s
      cpu_native_air_part 0.000 s
    cpu_composition_component 0.014 s
      cpu_native_air_part 0.000 s
    cpu_composition_component 0.013 s
      cpu_native_air_part 0.000 s
    cpu_composition_component 0.000 s
      cpu_native_air_part 0.000 s
    cpu_composition_component 0.017 s
      cpu_native_air_part 0.000 s
    cpu_composition_component 0.000 s
      cpu_native_air_part 0.000 s
    cpu_composition_component 0.000 s
      cpu_native_air_part 0.000 s
    cpu_composition_component 0.001 s
      cpu_native_air_part 0.000 s
    cpu_composition_component 0.000 s
      cpu_native_air_part 0.000 s
  composition_interpolate_and_split 0.052 s
  composition_commit 0.183 s
  oods_point_and_mask_points 0.000 s
  sampled_value_evaluation 0.599 s
  sampled_value_channel_mix 0.000 s
  fri_quotient_build_and_commit 0.709 s
  proof_of_work 0.119 s
  fri_decommit 0.234 s
  trace_decommit 0.003 s
  constraint_check_and_assembly 0.000 s
