info: device composition metallib admitted: air_template_composition_bounded_v4 (a11c91fc929fc1cf978e7b3ce5db03cdb5ce11cc88fa1fcf1d46df4f87cab9d1, 10121115 bytes)
info: composition tiled admission: blake_g: 1048576 rows per tile, 388 MiB arena
info: composition tiled admission: pedersen_points_table_window_bits_18: 1048576 rows per tile, 280 MiB arena
error: Metal evaluation pipeline resolution failed: Missing Metal function stwo_zig_eval_sd_a593019328b49dd6
info: composition host admission: add_mod_builtin: kernel stwo_zig_eval_sd_a593019328b49dd6: PolynomialEvaluationFailed
error: Metal evaluation pipeline resolution failed: Missing Metal function stwo_zig_eval_sd_7986fadf89a910a7
info: composition host admission: bitwise_builtin: kernel stwo_zig_eval_sd_7986fadf89a910a7: PolynomialEvaluationFailed
error: Metal evaluation pipeline resolution failed: Missing Metal function stwo_zig_eval_sd_bda5e8b62ac77c8d
info: composition host admission: mul_mod_builtin: kernel stwo_zig_eval_sd_bda5e8b62ac77c8d: PolynomialEvaluationFailed
error: Metal evaluation pipeline resolution failed: Missing Metal function stwo_zig_eval_sd_8967dd6480d71e6a
info: composition host admission: pedersen_builtin: kernel stwo_zig_eval_sd_8967dd6480d71e6a: PolynomialEvaluationFailed
error: Metal evaluation pipeline resolution failed: Missing Metal function stwo_zig_eval_sd_176583cc82437166
info: composition host admission: poseidon_builtin: kernel stwo_zig_eval_sd_176583cc82437166: PolynomialEvaluationFailed
error: Metal evaluation pipeline resolution failed: Missing Metal function stwo_zig_eval_sd_66b895eab79bd508
info: composition host admission: range_check96_builtin: kernel stwo_zig_eval_sd_66b895eab79bd508: PolynomialEvaluationFailed
error: Metal evaluation pipeline resolution failed: Missing Metal function stwo_zig_eval_sd_1c862dbc15474e18
info: composition host admission: range_check_builtin: kernel stwo_zig_eval_sd_1c862dbc15474e18: PolynomialEvaluationFailed
error: Metal evaluation pipeline resolution failed: Missing Metal function stwo_zig_eval_sd_f7cd02652e35e10f
info: composition host admission: ec_op_builtin: kernel stwo_zig_eval_sd_f7cd02652e35e10f: PolynomialEvaluationFailed
error: Metal evaluation pipeline resolution failed: Missing Metal function stwo_zig_eval_sd_5f44948e90da1490
info: composition host admission: memory_address_to_id: kernel stwo_zig_eval_sd_5f44948e90da1490: PolynomialEvaluationFailed
info: device composition stage open: 70/79 components accepted, arena 440 MiB
info: composition tile staging: blake_g: 744 MiB across 93 read sites
info: composition tile staging: pedersen_points_table_window_bits_18: 4224 MiB across 66 read sites
info: device composition: trace staging 139.170 ms over 7635 MiB (native 2667 MiB, tiled 4968 MiB; 57.53 GB/s), 86 dispatches in 86 submissions, device 61.385 ms
info: sampled coefficient evaluation: 1098134128 source words in 8500 columns; bounded source streaming true
info(circuit_recursion): leaf topology c5b609ebdc4a3437b646a06b0f5e926071d4e8a7e4f4eb2e6848bc2096e1ff82: built, 44505598 variables
info: device composition metallib admitted: circuit_air_composition_bounded_v1 (bbcfb8879ae76b0c9cb771cd70fe335abaa9ee319cbf30491d161b2dc2090473, 367765 bytes)
info: composition tiled admission: qm31_ops: 1048576 rows per tile, 144 MiB arena
info: composition tiled admission: blake_g_gate: 1048576 rows per tile, 492 MiB arena
info: device composition stage open: 11/11 components accepted, arena 492 MiB
info: composition tile staging: qm31_ops: 2048 MiB across 32 read sites
info: composition tile staging: blake_g_gate: 7616 MiB across 119 read sites
info: device composition: trace staging 175.181 ms over 10872 MiB (native 1208 MiB, tiled 9664 MiB; 65.08 GB/s), 41 dispatches in 41 submissions, device 75.227 ms
info: sampled coefficient evaluation: 1425082368 source words in 319 columns; bounded source streaming true
leaf-wrap: load 0.03 s, cairo prove 18.47 s, wrap 12.30 s; circuit hash 41aa3c1f626986f7ce55cb4c896e58b2aac047ff4431c7241e0d9ef22bcafcd9
leaf_wrap_build 0.507 s
leaf_wrap_preprocess 0.970 s
circuit_commit_preprocessed 0.628 s
  merkle_commit 0.106 s
circuit_base_witness 0.347 s
circuit_commit_base 1.545 s
  merkle_commit 0.055 s
circuit_interaction_pow 0.002 s
circuit_interaction_witness 1.371 s
circuit_commit_interaction 1.443 s
  merkle_commit 0.088 s
circuit_bind_components 0.000 s
draw_random_coeff 0.000 s
composition_trace_extract 0.000 s
composition_evaluation 2.045 s
  cairo_composition_component_device 0.095 s
  cairo_composition_component_device 0.350 s
  cairo_composition_component_device 0.064 s
  cairo_composition_component_device 0.052 s
  cairo_composition_component_device 1.231 s
  cairo_composition_component_device 0.001 s
  cairo_composition_component_device 0.066 s
  cairo_composition_component_device 0.001 s
  cairo_composition_component_device 0.000 s
  cairo_composition_component_device 0.003 s
  cairo_composition_component_device 0.000 s
composition_interpolate_and_split 0.019 s
composition_commit 0.144 s
oods_point_and_mask_points 0.000 s
sampled_value_evaluation 0.916 s
sampled_value_channel_mix 0.000 s
fri_quotient_build_and_commit 0.711 s
proof_of_work 0.020 s
fri_decommit 0.003 s
trace_decommit 1.571 s
constraint_check_and_assembly 0.000 s
leaf_wrap_serialize 0.001 s
       31.46 real        57.93 user        11.76 sys
         17037164544  maximum resident set size
                   0  average shared memory size
                   0  average unshared data size
                   0  average unshared stack size
             6796549  page reclaims
                   0  page faults
                   0  swaps
                   0  block input operations
                   0  block output operations
                   0  messages sent
                   0  messages received
                   0  signals received
                   5  voluntary context switches
               33270  involuntary context switches
        838411447024  instructions retired
        287914640015  cycles elapsed
         34858656984  peak memory footprint
